// Jest Snapshot v1, https://goo.gl/fbAQLP

exports[`Testing App Grid Testing Snapshot Testing 1`] = `
<div
  class="app-grid"
  data-testid="app-grid"
>
  <div
    class="app-grid__button-container"
  >
    <button
      type="button"
    >
      <span
        class="material-icons"
      >
        update
      </span>
      Update Cells
    </button>
    <button
      type="button"
    >
      <span
        class="material-icons"
      >
        refresh
      </span>
      Force Re-render
    </button>
  </div>
  <div
    class="grid"
    data-testid="grid-container"
  >
    <div
      class="grid__row"
      data-testid="grid-row"
    >
      <div
        class="grid__column"
        data-testid="grid-item"
      >
        <div>
          Cell
        </div>
      </div>
      <div
        class="grid__column"
        data-testid="grid-item"
      >
        <div>
          Cell
        </div>
      </div>
      <div
        class="grid__column"
        data-testid="grid-item"
      >
        <div>
          Cell
        </div>
      </div>
      <div
        class="grid__column"
        data-testid="grid-item"
      >
        <div>
          Cell
        </div>
      </div>
    </div>
    <div
      class="grid__row"
      data-testid="grid-row"
    >
      <div
        class="grid__column"
        data-testid="grid-item"
      >
        <div>
          Cell
        </div>
      </div>
      <div
        class="grid__column"
        data-testid="grid-item"
      >
        <div>
          Cell
        </div>
      </div>
      <div
        class="grid__column"
        data-testid="grid-item"
      >
        <div>
          Cell
        </div>
      </div>
      <div
        class="grid__column"
        data-testid="grid-item"
      >
        <div>
          Cell
        </div>
      </div>
    </div>
    <div
      class="grid__row"
      data-testid="grid-row"
    >
      <div
        class="grid__column"
        data-testid="grid-item"
      >
        <div>
          Cell
        </div>
      </div>
      <div
        class="grid__column"
        data-testid="grid-item"
      >
        <div>
          Cell
        </div>
      </div>
      <div
        class="grid__column"
        data-testid="grid-item"
      >
        <div>
          Cell
        </div>
      </div>
      <div
        class="grid__column"
        data-testid="grid-item"
      >
        <div>
          Cell
        </div>
      </div>
    </div>
  </div>
</div>
`;
